// Jest Snapshot v1, https://goo.gl/fbAQLP

exports[`App component renders App 1`] = `
<BrowserRouter>
  <Switch>
    <Route
      component={[Function]}
      exact={true}
      path="/"
    />
    <Route
      component={[Function]}
      exact={true}
      path="/artists/:artistId"
    />
    <Route
      component={[Function]}
      exact={true}
      path="/releases/:artist/:releaseTitle/:releaseId"
    />
  </Switch>
</BrowserRouter>
`;
